2026-09-18 11:03:41.226 UTC [12687] LOG:  starting PostgreSQL 15.19 (Debian 15.19-1.pgdg13+2) on x86_64-pc-linux-gnu, compiled by gcc (Debian 14.2.0-19) 14.2.0, 64-bit
2026-09-18 11:03:41.226 UTC [12687] LOG:  listening on Unix socket "/home/user/gate1-drill/sock/.s.PGSQL.5515"
2026-09-18 11:03:41.231 UTC [12690] LOG:  database system was shut down at 2026-09-18 11:03:41 UTC
2026-09-18 11:03:41.235 UTC [12687] LOG:  database system is ready to accept connections
2026-09-18 11:03:41.466 UTC [12688] LOG:  checkpoint starting: immediate force wait
2026-09-18 11:03:41.509 UTC [12688] LOG:  checkpoint complete: wrote 1008 buffers (6.2%); 0 WAL file(s) added, 0 removed, 0 recycled; write=0.023 s, sync=0.003 s, total=0.043 s; sync files=344, longest=0.001 s, average=0.001 s; distance=11227 kB, estimate=11227 kB
2026-09-18T11:03:41Z wal-archive: archived 000000010000000000000001 (2550378 bytes)
2026-09-18T11:03:42Z wal-archive: archived 000000010000000000000002 (16950 bytes)
2026-09-18T11:03:42Z wal-archive: archived 000000010000000000000002.00000028.backup (654 bytes)
2026-09-18T11:03:42Z wal-archive: archived 000000010000000000000003 (25383 bytes)
2026-09-18T11:03:45Z wal-archive: archived 000000010000000000000004 (17625 bytes)
2026-09-18 11:03:48.981 UTC [13081] LOG:  starting PostgreSQL 15.19 (Debian 15.19-1.pgdg13+2) on x86_64-pc-linux-gnu, compiled by gcc (Debian 14.2.0-19) 14.2.0, 64-bit
2026-09-18 11:03:48.982 UTC [13081] LOG:  listening on Unix socket "/home/user/gate1-drill/sock/.s.PGSQL.5515"
2026-09-18 11:03:48.984 UTC [13084] LOG:  database system was interrupted; last known up at 2026-09-18 11:03:41 UTC
2026-09-18 11:03:48.993 UTC [13084] LOG:  database system was not properly shut down; automatic recovery in progress
2026-09-18 11:03:48.994 UTC [13084] LOG:  redo starts at 0/2000028
2026-09-18 11:03:48.994 UTC [13084] LOG:  invalid record length at 0/5014100: wanted 24, got 0
2026-09-18 11:03:48.994 UTC [13084] LOG:  redo done at 0/50140D8 system usage: CPU: user: 0.00 s, system: 0.00 s, elapsed: 0.00 s
2026-09-18 11:03:48.995 UTC [13082] LOG:  checkpoint starting: end-of-recovery immediate wait
2026-09-18 11:03:49.000 UTC [13082] LOG:  checkpoint complete: wrote 21 buffers (0.1%); 0 WAL file(s) added, 0 removed, 0 recycled; write=0.002 s, sync=0.001 s, total=0.005 s; sync files=13, longest=0.001 s, average=0.001 s; distance=49232 kB, estimate=49232 kB
2026-09-18 11:03:49.002 UTC [13081] LOG:  database system is ready to accept connections
2026-09-18T11:03:49Z wal-archive: archived 000000010000000000000005 (39867 bytes)
2026-09-18 11:08:49.100 UTC [13082] LOG:  checkpoint starting: time
2026-09-18T11:08:49Z wal-archive: archived 000000010000000000000006 (20539 bytes)
2026-09-18 11:08:50.873 UTC [13082] LOG:  checkpoint complete: wrote 18 buffers (0.1%); 0 WAL file(s) added, 0 removed, 2 recycled; write=1.755 s, sync=0.001 s, total=1.773 s; sync files=11, longest=0.001 s, average=0.001 s; distance=16317 kB, estimate=45940 kB
2026-09-18 11:09:06.836 UTC [13081] LOG:  received fast shutdown request
2026-09-18 11:09:06.837 UTC [13081] LOG:  aborting any active transactions
2026-09-18 11:09:06.840 UTC [13081] LOG:  background worker "logical replication launcher" (PID 13088) exited with exit code 1
2026-09-18 11:09:06.842 UTC [13082] LOG:  shutting down
2026-09-18 11:09:06.860 UTC [13082] LOG:  checkpoint starting: shutdown immediate
2026-09-18 11:09:06.863 UTC [13082] LOG:  checkpoint complete: wrote 0 buffers (0.0%); 0 WAL file(s) added, 0 removed, 1 recycled; write=0.001 s, sync=0.001 s, total=0.004 s; sync files=0, longest=0.000 s, average=0.000 s; distance=32754 kB, estimate=44622 kB
2026-09-18T11:09:06Z wal-archive: archived 000000010000000000000007 (16952 bytes)
2026-09-18 11:09:06.956 UTC [13081] LOG:  database system is shut down
